DO_OCTAVE5=1046
DODIESE_OCTAVE5=1109
RE_OCTAVE5=1175
REDIESE_OCTAVE5=1244
MI_OCTAVE5=1318
FA_OCTAVE5=1397
FADIESE_OCTAVE5=1480
SOL_OCTAVE5=1568
SOLDIESE_OCTAVE5=1661
LA_OCTAVE5=1760
LADIESE_OCTAVE5=1865
SI_OCTAVE5=1975

DO_OCTAVE4=523
DODIESE_OCTAVE4=554
RE_OCTAVE4=587
REDIESE_OCTAVE4=622
MI_OCTAVE4=659
FA_OCTAVE4=698
FADIESE_OCTAVE4=740
SOL_OCTAVE4=784
SOLDIESE_OCTAVE4=831
LA_OCTAVE4=880
LADIESE_OCTAVE4=932
SI_OCTAVE4=988

DO_OCTAVE3=262
DODIESE_OCTAVE3=277
RE_OCTAVE3=294
REDIESE_OCTAVE3=311
MI_OCTAVE3=330
FA_OCTAVE3=349
FADIESE_OCTAVE3=370
SOL_OCTAVE3=392
SOLDIESE_OCTAVE3=415
LA_OCTAVE3=440
LADIESE_OCTAVE3=466
SI_OCTAVE3=494

DO_OCTAVE2=131
DODIESE_OCTAVE2=139
RE_OCTAVE2=146
REDIESE_OCTAVE2=156
MI_OCTAVE2=165
FA_OCTAVE2=175
FADIESE_OCTAVE2=185
SOL_OCTAVE2=196
SOLDIESE_OCTAVE2=208
LA_OCTAVE2=220
LADIESE_OCTAVE2=233
SI_OCTAVE2=246

DO_OCTAVE1=65
DODIESE_OCTAVE1=69
RE_OCTAVE1=73
REDIESE_OCTAVE1=78
MI_OCTAVE1=82
FA_OCTAVE1=87
FADIESE_OCTAVE1=93
SOL_OCTAVE1=98
SOLDIESE_OCTAVE1=104
LA_OCTAVE1=110
LADIESE_OCTAVE1=117
SI_OCTAVE1=123
